// Jest Snapshot v1, https://goo.gl/fbAQLP

exports[`jest-auto-snapshots > Text Matches snapshot when boolean prop "hasError" is set to: "false" 1`] = `
<ForwardRef>
  <NodeFixture />
</ForwardRef>
`;

exports[`jest-auto-snapshots > Text Matches snapshot when boolean prop "light" is set to: "false" 1`] = `
<ForwardRef>
  <NodeFixture />
</ForwardRef>
`;

exports[`jest-auto-snapshots > Text Matches snapshot when passed all props 1`] = `
<ForwardRef>
  <NodeFixture />
</ForwardRef>
`;
