// Jest Snapshot v1, https://goo.gl/fbAQLP

exports[`Button renders styles properly 1`] = `
.c0 {
  fill: currentColor;
  width: 16px;
  height: 16px;
}

.c1 {
  fill: inherit;
}

<svg
  className="c0"
  size="medium"
  type="primary"
  version="1.1"
  viewBox="0 0 16 16"
  xmlns="http://www.w3.org/2000/svg"
  xmlnsXlink="http://www.w3.org/1999/xlink"
>
  <g
    className=""
    size="medium"
    type="primary"
  >
    <svg
      className="c0"
      color="grayDark"
      size="medium"
      version="1.1"
      viewBox="0 0 16 16"
      xmlns="http://www.w3.org/2000/svg"
      xmlnsXlink="http://www.w3.org/1999/xlink"
    >
      <g
        className=""
        color="grayDark"
        size="medium"
      >
        <path
          className="c1"
          clipRule="evenodd"
          color="grayDark"
          d="M11.1464 6.85355C11.4614 6.53857 11.2383 6 10.7929 6L5.20711 6C4.76165 6 4.53857 6.53857 4.85355 6.85355L7.64645 9.64645C7.84171 9.84171 8.15829 9.84171 8.35355 9.64645L11.1464 6.85355Z"
          fill="#0F0B0A"
          fillRule="evenodd"
          height="100%"
          width="100%"
        />
      </g>
    </svg>
  </g>
</svg>
`;

exports[`jest-auto-snapshots > Icon Matches snapshot when passed only required props 1`] = `
<ForwardRef
  version="1.1"
  viewBox="0 0 16 16"
  xmlns="http://www.w3.org/2000/svg"
  xmlnsXlink="http://www.w3.org/1999/xlink"
>
  <ForwardRef>
    <NodeFixture />
  </ForwardRef>
</ForwardRef>
`;
